 ----------------------------------------------------------------------------------------------------------------------- 
| Snapshot            | WNS                  | TNS                  | Density (%) | Resource               | DRVs       |
|                     | HEPG (ns) | ALL (ns) | HEPG (ns) | ALL (ns) |             | Real (s) | Memory (MB) | Tran | Cap |
|---------------------+-----------+----------+-----------+----------+-------------+----------+-------------+------+-----|
| initial_summary     |     0.124 |    0.124 |           |        0 |       67.78 | 0:00:05  |        4101 |    0 |   0 |
| hold_fixing         |     0.013 |    0.013 |         0 |        0 |       79.37 | 0:00:03  |        4193 |      |     |
| pre_route_summary   |     0.014 |    0.014 |           |        0 |       79.37 | 0:00:00  |        4185 |    0 |   0 |
| eco_route           |           |          |           |          |             | 0:00:09  |        4191 |      |     |
| post_route_summary  |    -0.593 |   -0.593 |           |       -3 |       79.37 | 0:00:02  |        4271 |    0 |   0 |
| wns_eco_fixing      |    -0.593 |   -0.593 |        -3 |       -3 |       79.37 | 0:00:01  |        4271 |      |     |
| wns_eco_fixing_2    |    -0.094 |   -0.094 |        -0 |       -0 |       79.64 | 0:00:03  |        4289 |      |     |
| harden_opt_fixing   |           |          |           |          |             | 0:00:01  |        4289 |      |     |
| route_type_fixing   |           |          |           |          |             | 0:00:00  |        4273 |      |     |
| pre_route_summary_2 |    -0.094 |   -0.094 |           |       -0 |       79.67 | 0:00:01  |        4289 |    0 |   0 |
| eco_route_2         |           |          |           |          |             | 0:00:04  |        4263 |      |     |
| final_summary       |    -0.090 |   -0.090 |           |       -0 |       79.67 | 0:00:04  |        4271 |    0 |   0 |
 ----------------------------------------------------------------------------------------------------------------------- 
