 ------------------------------------------------------------------------------------------------------------------------------------------------------- 
| Snapshot                | WNS                  | TNS                  | Density (%) | Hotspot                   | Resource               | DRVs       |
|                         | HEPG (ns) | ALL (ns) | HEPG (ns) | ALL (ns) |             | Max (bins) | Total (bins) | Real (s) | Memory (MB) | Tran | Cap |
|-------------------------+-----------+----------+-----------+----------+-------------+------------+--------------+----------+-------------+------+-----|
| initial_summary         |    -0.283 |   -0.283 |           |       -2 |       66.47 |            |              | 0:00:01  |        4059 |    0 |   0 |
| route_type_refinement   |           |          |           |          |             |            |              | 0:00:00  |        4059 |      |     |
| simplify_netlist        |           |          |           |          |             |            |              | 0:00:01  |        4094 |      |     |
| excluded_clk_net_fixing |           |          |           |          |             |            |              | 0:00:01  |        4094 |      |     |
| global_opt              |           |   -0.170 |           |       -1 |       66.63 |            |              | 0:00:02  |        4104 |      |     |
| area_reclaiming         |    -0.163 |   -0.163 |        -1 |       -1 |       66.48 |            |              | 0:00:02  |        4104 |      |     |
| wns_fixing              |     0.073 |    0.073 |         0 |        0 |       68.33 |            |              | 0:00:21  |        4112 |      |     |
| area_reclaiming_2       |     0.013 |    0.013 |         0 |        0 |       67.79 |            |              | 0:00:02  |        4096 |      |     |
| area_reclaiming_3       |     0.013 |    0.013 |         0 |        0 |       67.67 |            |              | 0:00:01  |        4096 |      |     |
| local_wire_reclaim      |           |          |           |          |             |            |              | 0:00:01  |        4080 |      |     |
| global_route            |           |          |           |          |             |      39.00 |        39.00 | 0:00:01  |        4068 |      |     |
| route_type_refinement_2 |           |          |           |          |             |            |              | 0:00:00  |        4068 |      |     |
| drv_eco_fixing          |    -0.114 |   -0.114 |        -0 |       -0 |       67.67 |            |              | 0:00:01  |        4078 |    0 |   0 |
| tns_eco_fixing          |     0.013 |    0.013 |         0 |        0 |       67.78 |            |              | 0:00:01  |        4088 |      |     |
| final_summary           |     0.012 |    0.012 |           |        0 |       67.78 |      40.00 |        40.00 | 0:00:03  |        4078 |    0 |   0 |
 ------------------------------------------------------------------------------------------------------------------------------------------------------- 
