 ------------------------------------------------------------------------------------------------------------------------------------------------------- 
| Snapshot                | WNS                  | TNS                  | Density (%) | Hotspot                   | Resource               | DRVs       |
|                         | HEPG (ns) | ALL (ns) | HEPG (ns) | ALL (ns) |             | Max (bins) | Total (bins) | Real (s) | Memory (MB) | Tran | Cap |
|-------------------------+-----------+----------+-----------+----------+-------------+------------+--------------+----------+-------------+------+-----|
| initial_summary         |           |   -2.698 |           |      -57 |       59.81 |            |              | 0:00:01  |        3923 |    0 |   0 |
| simplify_netlist        |           |          |           |          |             |            |              | 0:00:02  |        4014 |      |     |
| drv_fixing              |           |          |           |          |             |            |              | 0:00:00  |        4014 |      |     |
| global_opt              |           |   -0.907 |           |      -14 |       61.65 |            |              | 0:00:05  |        4032 |      |     |
| area_reclaiming         |     0.000 |   -0.906 |         0 |      -14 |       61.63 |            |              | 0:00:02  |        4032 |      |     |
| incremental_replacement |    -0.848 |   -0.848 |           |      -15 |             |      38.00 |        38.00 | 0:00:12  |        4032 |      |     |
| tns_fixing              |    -0.450 |   -0.450 |        -6 |       -6 |       63.15 |            |              | 0:00:08  |        4040 |      |     |
| wns_fixing              |     0.079 |    0.079 |         0 |        0 |       66.63 |            |              | 0:00:41  |        4032 |      |     |
| area_reclaiming_2       |    -0.015 |   -0.015 |        -0 |       -0 |       66.09 |            |              | 0:00:02  |        4032 |      |     |
| area_reclaiming_3       |    -0.014 |   -0.014 |        -0 |       -0 |       65.74 |            |              | 0:00:01  |        4032 |      |     |
| drv_eco_fixing          |    -0.014 |   -0.014 |        -0 |       -0 |       65.82 |            |              | 0:00:01  |        4032 |    0 |   0 |
| tns_eco_fixing          |     0.002 |    0.002 |         0 |        0 |       65.83 |            |              | 0:00:01  |        4032 |      |     |
| final_summary           |     0.001 |    0.001 |           |        0 |       65.83 |            |              | 0:00:02  |        3998 |    0 |   0 |
 ------------------------------------------------------------------------------------------------------------------------------------------------------- 
